// Jest Snapshot v1, https://goo.gl/fbAQLP

exports[`renders correctly 1`] = `
<a
  href="/www.activechristianity.org"
  onClick={[Function]}
  onMouseEnter={[Function]}
/>
`;
